RAZORPAY_TEST_SUCCESS
